
     | | | | | | |
   _________________
  -|               |-
  -|               |-
  -|               |-
  -|    CYPRESS    |-
  -|               |-
  -|               |-   Warp VHDL Synthesis Compiler: Version 6.3 IR 35
  -|               |-   Copyright (C) 1991-2001 Cypress Semiconductor
   |_______________|
     | | | | | | |

======================================================================
Compiling:  sumador4Bits.vhd
Options:    -yu -e10 -w100 -o2 -ygs -fP -v10 -dc22v10 -ppalc22v10d-25pc -b sumador4Bits.vhd -u sum4bits.hie
======================================================================

vhdlfe V6.3 IR 35:  VHDL parser
Tue Oct 25 22:40:29 2016

Library 'work' => directory 'lc22v10'
Linking 'C:\Archivos de programa\Cypress\Warp\bin\std.vhd'.
Linking 'C:\Archivos de programa\Cypress\Warp\lib\common\cypress.vhd'.
Linking 'C:\Archivos de programa\Cypress\Warp\lib\common\work\cypress.vif'.
Library 'ieee' => directory 'C:\Archivos de programa\Cypress\Warp\lib\ieee\work'
Linking 'C:\Archivos de programa\Cypress\Warp\lib\ieee\work\stdlogic.vif'.

vhdlfe:  No errors.


tovif V6.3 IR 35:  High-level synthesis
Tue Oct 25 22:40:29 2016

Linking 'C:\Archivos de programa\Cypress\Warp\bin\std.vhd'.
Linking 'C:\Archivos de programa\Cypress\Warp\lib\common\cypress.vhd'.
Linking 'C:\Archivos de programa\Cypress\Warp\lib\common\work\cypress.vif'.
Linking 'C:\Archivos de programa\Cypress\Warp\lib\ieee\work\stdlogic.vif'.

tovif:  No errors.


topld V6.3 IR 35:  Synthesis and optimization
Tue Oct 25 22:40:29 2016

Linking 'C:\Archivos de programa\Cypress\Warp\bin\std.vhd'.
Linking 'C:\Archivos de programa\Cypress\Warp\lib\common\cypress.vhd'.
Linking 'C:\Archivos de programa\Cypress\Warp\lib\common\work\cypress.vif'.
Linking 'C:\Archivos de programa\Cypress\Warp\lib\ieee\work\stdlogic.vif'.

----------------------------------------------------------
Detecting unused logic.
----------------------------------------------------------



------------------------------------------------------
Alias Detection
------------------------------------------------------

------------------------------------------------------
Aliased 0 equations, 0 wires.
------------------------------------------------------

----------------------------------------------------------
Circuit simplification
----------------------------------------------------------

----------------------------------------------------------
Circuit simplification results:

	Expanded 0 signals.
	Turned 0 signals into soft nodes.
	Maximum default expansion cost was set at 10.
----------------------------------------------------------
Created 17 PLD nodes.

topld:  No errors.

----------------------------------------------------------------------------
PLD Optimizer Software:       DSGNOPT.EXE    31/03/2000  [v4.02 ] 6.3 IR 35

DESIGN HEADER INFORMATION  (22:40:30)

Input File(s): sumador4Bits.pla
Device       : C22V10
Package      : palc22v10d-25pc
ReportFile   : sumador4Bits.rpt

Program Controls:
    COMMAND LANGUAGE_VHDL 
    COMMAND PROPERTY BUS_HOLD ENABLE 

Signal Requests:
    GROUP USEPOL ALL
    GROUP FAST_SLEW ALL

Completed Successfully  
----------------------------------------------------------------------------
PLD Optimizer Software:       DSGNOPT.EXE    31/03/2000  [v4.02 ] 6.3 IR 35

OPTIMIZATION OPTIONS       (22:40:30)

Messages:
  Information: Optimizing logic using best output polarity for signals:
         acarreoes_1 acarreoes_2 acarreoes_3 acarreos suma(0) suma(1) suma(2)
         suma(3)



Summary:
                 Error Count = 0      Warning Count = 0

Completed Successfully  
----------------------------------------------------------------------------
PLD Optimizer Software:       MINOPT.EXE     01/NOV/1999  [v4.02 ] 6.3 IR 35

LOGIC MINIMIZATION         ()

Messages:


Summary:
                 Error Count = 0      Warning Count = 0

Completed Successfully
----------------------------------------------------------------------------
PLD Optimizer Software:       DSGNOPT.EXE    31/03/2000  [v4.02 ] 6.3 IR 35

OPTIMIZATION OPTIONS       (22:40:30)

Messages:
  Information: Optimizing Banked Preset/Reset requirements.


Summary:
                 Error Count = 0      Warning Count = 0

Completed Successfully  
----------------------------------------------------------------------------
PLD Compiler Software:        PLA2JED.EXE    31/03/2000  [v4.02 ] 6.3 IR 35

<CYPRESSTAG name="Equations" icon=FILE_RPT_EQUATION>
DESIGN EQUATIONS           (22:40:30)
</CYPRESSTAG>

    acarreoes_1 =
          acarreoe * b(0) 
        + a(0) * b(0) 
        + a(0) * acarreoe 

    acarreoes_2 =
          acarreoes_1 * b(1) 
        + a(1) * b(1) 
        + a(1) * acarreoes_1 

    acarreoes_3 =
          acarreoes_2 * b(2) 
        + a(2) * b(2) 
        + a(2) * acarreoes_2 

    acarreos =
          acarreoes_3 * b(3) 
        + a(3) * b(3) 
        + a(3) * acarreoes_3 

    suma(0) =
          a(0) * acarreoe * b(0) 
        + /a(0) * /acarreoe * b(0) 
        + /a(0) * acarreoe * /b(0) 
        + a(0) * /acarreoe * /b(0) 

    suma(1) =
          a(1) * acarreoes_1 * b(1) 
        + /a(1) * /acarreoes_1 * b(1) 
        + /a(1) * acarreoes_1 * /b(1) 
        + a(1) * /acarreoes_1 * /b(1) 

    suma(2) =
          a(2) * acarreoes_2 * b(2) 
        + /a(2) * /acarreoes_2 * b(2) 
        + /a(2) * acarreoes_2 * /b(2) 
        + a(2) * /acarreoes_2 * /b(2) 

    suma(3) =
          a(3) * acarreoes_3 * b(3) 
        + /a(3) * /acarreoes_3 * b(3) 
        + /a(3) * acarreoes_3 * /b(3) 
        + a(3) * /acarreoes_3 * /b(3) 


Completed Successfully  
----------------------------------------------------------------------------
PLD Compiler Software:        PLA2JED.EXE    31/03/2000  [v4.02 ] 6.3 IR 35

DESIGN RULE CHECK          (22:40:30)

Messages:
                 None.


Summary:
                 Error Count = 0      Warning Count = 0

Completed Successfully  
----------------------------------------------------------------------------
PLD Compiler Software:        PLA2JED.EXE    31/03/2000  [v4.02 ] 6.3 IR 35

<CYPRESSTAG name="Pinout" icon=FILE_RPT_PINOUT>
PINOUT INFORMATION   (22:40:30)
</CYPRESSTAG>
Messages:
  Information: Checking for duplicate NODE logic.
                 None.


                                 C22V10
                 __________________________________________
       not used *| 1|                                  |24|* not used       
           a(0) =| 2|                                  |23|= suma(0)        
           a(1) =| 3|                                  |22|= suma(1)        
           a(2) =| 4|                                  |21|= suma(2)        
           a(3) =| 5|                                  |20|= suma(3)        
           b(0) =| 6|                                  |19|= acarreos       
           b(1) =| 7|                                  |18|* not used       
           b(2) =| 8|                                  |17|* not used       
           b(3) =| 9|                                  |16|= (acarreoes_1)  
       acarreoe =|10|                                  |15|= (acarreoes_2)  
       not used *|11|                                  |14|= (acarreoes_3)  
       not used *|12|                                  |13|* not used       
                 __________________________________________


Summary:
                 Error Count = 0      Warning Count = 0

Completed Successfully  
----------------------------------------------------------------------------
PLD Compiler Software:        PLA2JED.EXE    31/03/2000  [v4.02 ] 6.3 IR 35

<CYPRESSTAG name="Utilization" icon=FILE_RPT_UTILIZATION>
RESOURCE UTILIZATION (22:40:30)
</CYPRESSTAG>
  Information: Macrocell Utilization.

                     Description        Used     Max
                 ______________________________________
                 | Dedicated Inputs   |    9  |   11  |
                 | Clock/Inputs       |    0  |    1  |
                 | I/O Macrocells     |    8  |   10  |
                 ______________________________________
                                          17  /   22   = 77  %


  Information: Output Logic Product Term Utilization.

                  Node#  Output Signal Name  Used   Max
                 ________________________________________
                 | 14  |  acarreoes_3     |   3  |   8  |
                 | 15  |  acarreoes_2     |   3  |  10  |
                 | 16  |  acarreoes_1     |   3  |  12  |
                 | 17  |  Unused          |   0  |  14  |
                 | 18  |  Unused          |   0  |  16  |
                 | 19  |  acarreos        |   3  |  16  |
                 | 20  |  suma(3)         |   4  |  14  |
                 | 21  |  suma(2)         |   4  |  12  |
                 | 22  |  suma(1)         |   4  |  10  |
                 | 23  |  suma(0)         |   4  |   8  |
                 | 25  |  Unused          |   0  |   1  |
                 ________________________________________
                                             28  / 121   = 23  %


Completed Successfully  
----------------------------------------------------------------------------
PLD Compiler Software:        PLA2JED.EXE    31/03/2000  [v4.02 ] 6.3 IR 35

JEDEC ASSEMBLE             (22:40:30)

Messages:
  Information: Output file 'sumador4Bits.pin' created.
  Information: Output file 'sumador4Bits.jed' created.

  Usercode:    
  Checksum:    C02D



Summary:
                 Error Count = 0      Warning Count = 0

Completed Successfully at 22:40:30
